/home/devops/.git/jinkinsHomework/src/main/java/tn/esprit/devops_project/services/Iservices/IProductService.java
/home/devops/.git/jinkinsHomework/src/main/java/tn/esprit/devops_project/DevOps_ProjectSpringBootApplication.java
/home/devops/.git/jinkinsHomework/src/main/java/tn/esprit/devops_project/repositories/InvoiceRepository.java
/home/devops/.git/jinkinsHomework/src/main/java/tn/esprit/devops_project/services/Iservices/IInvoiceService.java
/home/devops/.git/jinkinsHomework/src/main/java/tn/esprit/devops_project/services/OperatorServiceImpl.java
/home/devops/.git/jinkinsHomework/src/main/java/tn/esprit/devops_project/repositories/StockRepository.java
/home/devops/.git/jinkinsHomework/src/main/java/tn/esprit/devops_project/repositories/ProductRepository.java
/home/devops/.git/jinkinsHomework/src/main/java/tn/esprit/devops_project/entities/SupplierCategory.java
/home/devops/.git/jinkinsHomework/src/main/java/tn/esprit/devops_project/controllers/OperatorController.java
/home/devops/.git/jinkinsHomework/src/main/java/tn/esprit/devops_project/controllers/SupplierController.java
/home/devops/.git/jinkinsHomework/src/main/java/tn/esprit/devops_project/controllers/ProductController.java
/home/devops/.git/jinkinsHomework/src/main/java/tn/esprit/devops_project/entities/Stock.java
/home/devops/.git/jinkinsHomework/src/main/java/tn/esprit/devops_project/services/Iservices/IStockService.java
/home/devops/.git/jinkinsHomework/src/main/java/tn/esprit/devops_project/services/Iservices/ISupplierService.java
/home/devops/.git/jinkinsHomework/src/main/java/tn/esprit/devops_project/services/InvoiceServiceImpl.java
/home/devops/.git/jinkinsHomework/src/main/java/tn/esprit/devops_project/entities/Supplier.java
/home/devops/.git/jinkinsHomework/src/main/java/tn/esprit/devops_project/entities/InvoiceDetail.java
/home/devops/.git/jinkinsHomework/src/main/java/tn/esprit/devops_project/services/ProductServiceImpl.java
/home/devops/.git/jinkinsHomework/src/main/java/tn/esprit/devops_project/controllers/InvoiceController.java
/home/devops/.git/jinkinsHomework/src/main/java/tn/esprit/devops_project/services/SupplierServiceImpl.java
/home/devops/.git/jinkinsHomework/src/main/java/tn/esprit/devops_project/entities/Product.java
/home/devops/.git/jinkinsHomework/src/main/java/tn/esprit/devops_project/entities/Invoice.java
/home/devops/.git/jinkinsHomework/src/main/java/tn/esprit/devops_project/repositories/SupplierRepository.java
/home/devops/.git/jinkinsHomework/src/main/java/tn/esprit/devops_project/repositories/InvoiceDetailRepository.java
/home/devops/.git/jinkinsHomework/src/main/java/tn/esprit/devops_project/entities/ProductCategory.java
/home/devops/.git/jinkinsHomework/src/main/java/tn/esprit/devops_project/services/Iservices/IOperatorService.java
/home/devops/.git/jinkinsHomework/src/main/java/tn/esprit/devops_project/entities/Operator.java
/home/devops/.git/jinkinsHomework/src/main/java/tn/esprit/devops_project/controllers/StockController.java
/home/devops/.git/jinkinsHomework/src/main/java/tn/esprit/devops_project/repositories/OperatorRepository.java
/home/devops/.git/jinkinsHomework/src/main/java/tn/esprit/devops_project/services/StockServiceImpl.java
